Strategems with missing icons:
===============================
  - Name: Hive Breaker Drill, Code: 124344
  - Name: Reinforcement Pods, Code: 13222
  - Name: EXO-55 Breakthrough Exosuit, Code: 1431342
  - Name: EXO-45 Patriot Exosuit, Code: 1432144
  - Name: EXO-51 Lumberer Exosuit, Code: 1432312
  - Name: Dark Fluid Vessel, Code: 213422
  - Name: Seismic Probe, Code: 221344
  - Name: Call In Super Destroyer, Code: 22441313
  - Name: Cargo Container, Code: 224434
  - Name: Tectonic Drill, Code: 242424
  - Name: SEAF Artillery, Code: 3224
  - Name: Orbital Illumination Flare, Code: 3311
  - Name: CQC-1 One True Flag, Code: 41332
  - Name: AX/ARC-3 K-9, Code: 421231
  - Name: AX/TX-13 Dog Breath, Code: 421232
  - Name: AX/LAS-5 Rover, Code: 421233
  - Name: NUX-223 Hellbomb, Code: 42142342
  - Name: LIFT-860 Hover Pack, Code: 422413
  - Name: A/FLAM-40 Flame Sentry, Code: 423422
  - Name: Super Earth Flag, Code: 4242
  - Name: Prospecting Drill, Code: 441344
  - Name: B/FLAM-80 Cremator, Code: 443422
  - Name: SSSD Delivery, Code: 4444422
